// Jest Snapshot v1, https://goo.gl/fbAQLP

exports[`<Search /> should match snapshot 1`] = `
.c0 {
  display: -webkit-box;
  display: -webkit-flex;
  display: -ms-flexbox;
  display: flex;
}

<Search>
  <styled.div>
    <StyledComponent
      forwardedComponent={
        Object {
          "$$typeof": Symbol(react.forward_ref),
          "attrs": Array [],
          "componentStyle": ComponentStyle {
            "componentId": "sc-bdVaJa",
            "isStatic": true,
            "lastClassName": "c0",
            "rules": Array [
              "
  display: flex;
",
            ],
          },
          "displayName": "styled.div",
          "foldedComponentIds": Array [],
          "render": [Function],
          "styledComponentId": "sc-bdVaJa",
          "target": "div",
          "toString": [Function],
          "warnTooManyClasses": [Function],
          "withComponent": [Function],
        }
      }
      forwardedRef={null}
    >
      <div
        className="c0"
      >
        <label>
          Pesquisar: 
        </label>
        <input
          placeholder="Pesquisar tÃ­tulos..."
          type="text"
        />
      </div>
    </StyledComponent>
  </styled.div>
</Search>
`;
