// Jest Snapshot v1, https://goo.gl/fbAQLP

exports[`<Footer /> should match snapshot 1`] = `
<footer>
   Copyright Â© 2019 
</footer>
`;
