// Jest Snapshot v1, https://goo.gl/fbAQLP

exports[`<Header /> should match snapshot 1`] = `
.c0 {
  color: #01d277;
  display: -webkit-box;
  display: -webkit-flex;
  display: -ms-flexbox;
  display: flex;
  font-size: 18px;
}

.c0 a {
  color: #01d277;
  display: -webkit-box;
  display: -webkit-flex;
  display: -ms-flexbox;
  display: flex;
  -webkit-align-items: center;
  -webkit-box-align: center;
  -ms-flex-align: center;
  align-items: center;
  -webkit-text-decoration: none;
  text-decoration: none;
}

.c0 svg {
  height: 3em;
  margin-right: 10px;
  width: 3em !important;
}

@media (min-width:62em) {
  .c0 {
    font-size: 22px;
  }
}

<BrowserRouter>
  <Router
    history={
      Object {
        "action": "POP",
        "block": [Function],
        "createHref": [Function],
        "go": [Function],
        "goBack": [Function],
        "goForward": [Function],
        "length": 1,
        "listen": [Function],
        "location": Object {
          "hash": "",
          "pathname": "/",
          "search": "",
          "state": undefined,
        },
        "push": [Function],
        "replace": [Function],
      }
    }
  >
    <Header>
      <header
        className="rm-header"
      >
        <div
          className="container"
        >
          <Logo>
            <styled.span>
              <StyledComponent
                forwardedComponent={
                  Object {
                    "$$typeof": Symbol(react.forward_ref),
                    "attrs": Array [],
                    "componentStyle": ComponentStyle {
                      "componentId": "sc-bwzfXH",
                      "isStatic": true,
                      "lastClassName": "c0",
                      "rules": Array [
                        "
  color: #01d277;
  display: flex;
  font-size: 18px;

  a {
    color: #01d277;
    display: flex;
    align-items: center;
    text-decoration: none;
  }

  ",
                        "
    @media (min-width: ",
                        "62",
                        "em) {
      ",
                        "
    font-size: 22px;
  ",
                        "
    }
  ",
                        "

  svg {
    height: 3em;
    margin-right: 10px;
    width: 3em !important;
  }
",
                      ],
                    },
                    "displayName": "styled.span",
                    "foldedComponentIds": Array [],
                    "render": [Function],
                    "styledComponentId": "sc-bwzfXH",
                    "target": "span",
                    "toString": [Function],
                    "warnTooManyClasses": [Function],
                    "withComponent": [Function],
                  }
                }
                forwardedRef={null}
              >
                <span
                  className="c0"
                >
                  <Link
                    replace={false}
                    to="/"
                  >
                    <a
                      href="/"
                      onClick={[Function]}
                    >
                      <FontAwesomeIcon
                        border={false}
                        className=""
                        fixedWidth={false}
                        flip={null}
                        icon={
                          Object {
                            "icon": Array [
                              512,
                              512,
                              Array [],
                              "f008",
                              "M488 64h-8v20c0 6.6-5.4 12-12 12h-40c-6.6 0-12-5.4-12-12V64H96v20c0 6.6-5.4 12-12 12H44c-6.6 0-12-5.4-12-12V64h-8C10.7 64 0 74.7 0 88v336c0 13.3 10.7 24 24 24h8v-20c0-6.6 5.4-12 12-12h40c6.6 0 12 5.4 12 12v20h320v-20c0-6.6 5.4-12 12-12h40c6.6 0 12 5.4 12 12v20h8c13.3 0 24-10.7 24-24V88c0-13.3-10.7-24-24-24zM96 372c0 6.6-5.4 12-12 12H44c-6.6 0-12-5.4-12-12v-40c0-6.6 5.4-12 12-12h40c6.6 0 12 5.4 12 12v40zm0-96c0 6.6-5.4 12-12 12H44c-6.6 0-12-5.4-12-12v-40c0-6.6 5.4-12 12-12h40c6.6 0 12 5.4 12 12v40zm0-96c0 6.6-5.4 12-12 12H44c-6.6 0-12-5.4-12-12v-40c0-6.6 5.4-12 12-12h40c6.6 0 12 5.4 12 12v40zm272 208c0 6.6-5.4 12-12 12H156c-6.6 0-12-5.4-12-12v-96c0-6.6 5.4-12 12-12h200c6.6 0 12 5.4 12 12v96zm0-168c0 6.6-5.4 12-12 12H156c-6.6 0-12-5.4-12-12v-96c0-6.6 5.4-12 12-12h200c6.6 0 12 5.4 12 12v96zm112 152c0 6.6-5.4 12-12 12h-40c-6.6 0-12-5.4-12-12v-40c0-6.6 5.4-12 12-12h40c6.6 0 12 5.4 12 12v40zm0-96c0 6.6-5.4 12-12 12h-40c-6.6 0-12-5.4-12-12v-40c0-6.6 5.4-12 12-12h40c6.6 0 12 5.4 12 12v40zm0-96c0 6.6-5.4 12-12 12h-40c-6.6 0-12-5.4-12-12v-40c0-6.6 5.4-12 12-12h40c6.6 0 12 5.4 12 12v40z",
                            ],
                            "iconName": "film",
                            "prefix": "fas",
                          }
                        }
                        inverse={false}
                        listItem={false}
                        mask={null}
                        pull={null}
                        pulse={false}
                        rotation={null}
                        size={null}
                        spin={false}
                        symbol={false}
                        title=""
                        transform={null}
                      >
                        <svg
                          aria-hidden="true"
                          className="svg-inline--fa fa-film fa-w-16 "
                          data-icon="film"
                          data-prefix="fas"
                          focusable="false"
                          role="img"
                          style={Object {}}
                          viewBox="0 0 512 512"
                          xmlns="http://www.w3.org/2000/svg"
                        >
                          <path
                            d="M488 64h-8v20c0 6.6-5.4 12-12 12h-40c-6.6 0-12-5.4-12-12V64H96v20c0 6.6-5.4 12-12 12H44c-6.6 0-12-5.4-12-12V64h-8C10.7 64 0 74.7 0 88v336c0 13.3 10.7 24 24 24h8v-20c0-6.6 5.4-12 12-12h40c6.6 0 12 5.4 12 12v20h320v-20c0-6.6 5.4-12 12-12h40c6.6 0 12 5.4 12 12v20h8c13.3 0 24-10.7 24-24V88c0-13.3-10.7-24-24-24zM96 372c0 6.6-5.4 12-12 12H44c-6.6 0-12-5.4-12-12v-40c0-6.6 5.4-12 12-12h40c6.6 0 12 5.4 12 12v40zm0-96c0 6.6-5.4 12-12 12H44c-6.6 0-12-5.4-12-12v-40c0-6.6 5.4-12 12-12h40c6.6 0 12 5.4 12 12v40zm0-96c0 6.6-5.4 12-12 12H44c-6.6 0-12-5.4-12-12v-40c0-6.6 5.4-12 12-12h40c6.6 0 12 5.4 12 12v40zm272 208c0 6.6-5.4 12-12 12H156c-6.6 0-12-5.4-12-12v-96c0-6.6 5.4-12 12-12h200c6.6 0 12 5.4 12 12v96zm0-168c0 6.6-5.4 12-12 12H156c-6.6 0-12-5.4-12-12v-96c0-6.6 5.4-12 12-12h200c6.6 0 12 5.4 12 12v96zm112 152c0 6.6-5.4 12-12 12h-40c-6.6 0-12-5.4-12-12v-40c0-6.6 5.4-12 12-12h40c6.6 0 12 5.4 12 12v40zm0-96c0 6.6-5.4 12-12 12h-40c-6.6 0-12-5.4-12-12v-40c0-6.6 5.4-12 12-12h40c6.6 0 12 5.4 12 12v40zm0-96c0 6.6-5.4 12-12 12h-40c-6.6 0-12-5.4-12-12v-40c0-6.6 5.4-12 12-12h40c6.6 0 12 5.4 12 12v40z"
                            fill="currentColor"
                            style={Object {}}
                          />
                        </svg>
                      </FontAwesomeIcon>
                      <span>
                        React Movie DB
                      </span>
                    </a>
                  </Link>
                </span>
              </StyledComponent>
            </styled.span>
          </Logo>
          <a
            href="https://www.themoviedb.org/?language=pt-BR"
            rel="noopener noreferrer"
            target="_blank"
          >
            <img
              alt="The Movie DB"
              src="tmdb_logo.png"
            />
          </a>
        </div>
      </header>
    </Header>
  </Router>
</BrowserRouter>
`;
