// Jest Snapshot v1, https://goo.gl/fbAQLP

exports[`<CastCard /> should match snapshot 1`] = `
.c0 {
  background-color: rgba(0,0,0,.7);
  border: 1px solid #081c24;
  display: -webkit-box;
  display: -webkit-flex;
  display: -ms-flexbox;
  display: flex;
  width: 100%;
  text-align: center;
}

.c0 h4 {
  -webkit-align-items: center;
  -webkit-box-align: center;
  -ms-flex-align: center;
  align-items: center;
  color: #fff;
  display: -webkit-box;
  display: -webkit-flex;
  display: -ms-flexbox;
  display: flex;
  -webkit-box-pack: center;
  -webkit-justify-content: center;
  -ms-flex-pack: center;
  justify-content: center;
  padding: 15px;
  width: 100%;
}

.c0 img {
  display: block;
  width: 100%;
  height: 100%;
  max-width: 100px;
}

@media (min-width:62em) {
  .c0 {
    max-width: 230px;
  }
}

<CastCard
  character="Jon Snow"
  id={123}
  name="Kit Harington"
  profile="https://placehold.jp/154x250.png?text=NO%20IMAGE"
>
  <styled.div
    key="123"
  >
    <StyledComponent
      forwardedComponent={
        Object {
          "$$typeof": Symbol(react.forward_ref),
          "attrs": Array [],
          "componentStyle": ComponentStyle {
            "componentId": "sc-bxivhb",
            "isStatic": true,
            "lastClassName": "c0",
            "rules": Array [
              "
  background-color: rgba(0,0,0,.7);
  border: 1px solid ",
              "#081c24",
              ";
  display: flex;
  width: 100%;
  text-align: center;

  ",
              "
    @media (min-width: ",
              "62",
              "em) {
      ",
              "
    max-width: 230px;
  ",
              "
    }
  ",
              "

  h4 {
    align-items: center;
    color: ",
              "#fff",
              ";
    display: flex;
    justify-content: center;
    padding: 15px;
    width: 100%;
  }

  img {
    display: block;
    width: 100%;
    height: 100%;
    max-width: 100px;
  }
",
            ],
          },
          "displayName": "styled.div",
          "foldedComponentIds": Array [],
          "render": [Function],
          "styledComponentId": "sc-bxivhb",
          "target": "div",
          "toString": [Function],
          "warnTooManyClasses": [Function],
          "withComponent": [Function],
        }
      }
      forwardedRef={null}
    >
      <div
        className="c0"
      >
        <img
          alt="Kit Harington"
          src="https://image.tmdb.org/t/p/w154https://placehold.jp/154x250.png?text=NO%20IMAGE"
        />
        <h4>
          Kit Harington
          <br />
          Jon Snow
        </h4>
        <p />
      </div>
    </StyledComponent>
  </styled.div>
</CastCard>
`;
